Dominic is the current player
They have rolled a 4
Dominic's new location is 4
The category is Pop
Pop Question 0
Dominic is the current player
They have rolled a 4
Dominic's new location is 8
The category is Pop
Pop Question 1
Dominic is the current player
They have rolled a 4
Dominic's new location is 0
The category is Pop
Pop Question 2
