Dominic is the current player
They have rolled a 2
Dominic's new location is 2
The category is Sports
Sports Question 0
Dominic is the current player
They have rolled a 4
Dominic's new location is 6
The category is Sports
Sports Question 1
Dominic is the current player
They have rolled a 4
Dominic's new location is 10
The category is Sports
Sports Question 2
