Answer was correct!!!!
Dominic now has 1 Gold Coins.
