Question was incorrectly answered
Dominic was sent to the penalty box
